../Core/Src/main.c:71:5:main	88	static
../Core/Src/main.c:134:6:SystemClock_Config	88	static
../Core/Src/main.c:173:13:MX_CAN1_Init	8	static
../Core/Src/main.c:196:13:MX_USART2_UART_Init	8	static
../Core/Src/main.c:215:13:MX_GPIO_Init	48	static
../Core/Src/main.c:240:6:CAN_Filter_Config	48	static
../Core/Src/main.c:263:6:SendDynamicMessageViaCAN	392	static
../Core/Src/main.c:323:6:HAL_UART_RxCpltCallback	24	static
../Core/Src/main.c:357:6:HAL_CAN_RxFifo0MsgPendingCallback	208	static
../Core/Src/main.c:388:6:Error_Handler	4	static,ignoring_inline_asm
